\BOOKMARK [1][-]{section.1}{\376\377\000I\000n\000t\000r\000o\000d\000u\000\347\000\343\000o}{}% 1
\BOOKMARK [2][-]{subsection.1.1}{\376\377\000A\000\040\000i\000d\000e\000i\000a\000\040\000f\000u\000n\000d\000a\000m\000e\000n\000t\000a\000l}{section.1}% 2
\BOOKMARK [2][-]{subsection.1.2}{\376\377\000R\000e\000p\000e\000t\000i\000\347\000\343\000o\000\040\000d\000e\000\040\000u\000m\000\040\000m\000e\000s\000m\000o\000\040\000p\000a\000s\000s\000o}{section.1}% 3
\BOOKMARK [2][-]{subsection.1.3}{\376\377\000D\000u\000a\000s\000\040\000m\000a\000n\000e\000i\000r\000a\000s\000\040\000p\000e\000l\000a\000s\000\040\000q\000u\000a\000i\000s\000\040\000u\000m\000a\000\040\000o\000p\000e\000r\000a\000\347\000\343\000o\000\040\000p\000o\000d\000e\000\040\000s\000u\000r\000g\000i\000r}{section.1}% 4
\BOOKMARK [2][-]{subsection.1.4}{\376\377\000P\000r\000i\000m\000e\000i\000r\000a\000s\000\040\000p\000r\000o\000p\000r\000i\000e\000d\000a\000d\000e\000s\000\040\000d\000a\000\040\000o\000p\000e\000r\000a\000\347\000\343\000o\000\040\000\043}{section.1}% 5
\BOOKMARK [3][-]{subsubsection.1.4.1}{\376\377\000O\000\040\000n\000\372\000m\000e\000r\000o\000\040\000s\000e\000g\000u\000i\000n\000t\000e\000\040\000e\000\040\000a\000\040\000d\000e\000f\000i\000n\000i\000\347\000\343\000o\000\040\000p\000r\000e\000c\000i\000s\000a\000\040\000d\000e\000\040\000m\000o\000v\000i\000m\000e\000n\000t\000o}{subsection.1.4}% 6
\BOOKMARK [3][-]{subsubsection.1.4.2}{\376\377\000U\000m\000a\000\040\000n\000o\000v\000a\000\040\000f\000e\000r\000r\000a\000m\000e\000n\000t\000a\000:\000\040\000a\000\040\000i\000n\000d\000u\000\347\000\343\000o}{subsection.1.4}% 7
\BOOKMARK [3][-]{subsubsection.1.4.3}{\376\377\000A\000\040\000o\000r\000d\000e\000m\000\040\000d\000o\000s\000\040\000m\000o\000v\000i\000m\000e\000n\000t\000o\000s\000\040\000i\000m\000p\000o\000r\000t\000a\000?}{subsection.1.4}% 8
\BOOKMARK [3][-]{subsubsection.1.4.4}{\376\377\000A\000\040\000m\000a\000n\000e\000i\000r\000a\000\040\000d\000e\000\040\000a\000g\000r\000u\000p\000a\000r\000\040\000i\000m\000p\000o\000r\000t\000a\000?}{subsection.1.4}% 9
\BOOKMARK [3][-]{subsubsection.1.4.5}{\376\377\000E\000x\000i\000s\000t\000e\000\040\000a\000l\000g\000u\000m\000\040\000m\000o\000v\000i\000m\000e\000n\000t\000o\000\040\000q\000u\000e\000\040\000n\000\343\000o\000\040\000a\000l\000t\000e\000r\000a\000\040\000n\000a\000d\000a\000?}{subsection.1.4}% 10
\BOOKMARK [2][-]{subsection.1.5}{\376\377\000P\000r\000i\000m\000e\000i\000r\000a\000s\000\040\000p\000r\000o\000p\000r\000i\000e\000d\000a\000d\000e\000s\000\040\000d\000a\000\040\000o\000p\000e\000r\000a\000\347\000\343\000o\000\040\000@}{section.1}% 11
\BOOKMARK [3][-]{subsubsection.1.5.1}{\376\377\000Q\000u\000a\000l\000\040\000\351\000\040\000o\000\040\000e\000l\000e\000m\000e\000n\000t\000o\000\040\000n\000e\000u\000t\000r\000o\000\040\000d\000a\000\040\000r\000e\000p\000e\000t\000i\000\347\000\343\000o\000?}{subsection.1.5}% 12
\BOOKMARK [3][-]{subsubsection.1.5.2}{\376\377\000A\000\040\000r\000e\000p\000e\000t\000i\000\347\000\343\000o\000\040\000\351\000\040\000c\000o\000m\000u\000t\000a\000t\000i\000v\000a\000?}{subsection.1.5}% 13
\BOOKMARK [3][-]{subsubsection.1.5.3}{\376\377\000A\000\040\000r\000e\000p\000e\000t\000i\000\347\000\343\000o\000\040\000\351\000\040\000a\000s\000s\000o\000c\000i\000a\000t\000i\000v\000a\000?}{subsection.1.5}% 14
\BOOKMARK [2][-]{subsection.1.6}{\376\377\000D\000i\000s\000t\000r\000i\000b\000u\000i\000\347\000\343\000o\000\040\000d\000e\000\040\000m\000o\000v\000i\000m\000e\000n\000t\000o\000s}{section.1}% 15
\BOOKMARK [3][-]{subsubsection.1.6.1}{\376\377\000A\000\040\000o\000p\000e\000r\000a\000\347\000\343\000o\000\040\000\043\000\040\000\351\000\040\000d\000i\000s\000t\000r\000i\000b\000u\000t\000i\000v\000a\000\040\000s\000o\000b\000r\000e\000\040\000@\000?}{subsection.1.6}% 16
\BOOKMARK [2][-]{subsection.1.7}{\376\377\000R\000e\000c\000o\000n\000h\000e\000c\000i\000m\000e\000n\000t\000o\000\040\000d\000a\000s\000\040\000o\000p\000e\000r\000a\000\347\000\365\000e\000s}{section.1}% 17
\BOOKMARK [1][-]{section.2}{\376\377\000O\000\040\000s\000u\000r\000g\000i\000m\000e\000n\000t\000o\000\040\000d\000a\000s\000\040\000i\000n\000c\000\363\000g\000n\000i\000t\000a\000s}{}% 18
\BOOKMARK [2][-]{subsection.2.1}{\376\377\000U\000m\000\040\000m\000o\000v\000i\000m\000e\000n\000t\000o\000\040\000d\000e\000s\000c\000o\000n\000h\000e\000c\000i\000d\000o}{section.2}% 19
\BOOKMARK [2][-]{subsection.2.2}{\376\377\000C\000o\000m\000o\000\040\000r\000e\000s\000o\000l\000v\000e\000r\000\040\000u\000m\000a\000\040\000e\000q\000u\000a\000\347\000\343\000o\000?}{section.2}% 20
\BOOKMARK [2][-]{subsection.2.3}{\376\377\000S\000u\000b\000t\000r\000a\000\347\000\343\000o\000\040\000e\000\040\000d\000i\000s\000t\000\342\000n\000c\000i\000a}{section.2}% 21
\BOOKMARK [2][-]{subsection.2.4}{\376\377\000U\000m\000a\000\040\000e\000q\000u\000a\000\347\000\343\000o\000\040\000i\000m\000p\000o\000s\000s\000\355\000v\000e\000l\000\040\000n\000o\000s\000\040\000n\000a\000t\000u\000r\000a\000i\000s}{section.2}% 22
\BOOKMARK [2][-]{subsection.2.5}{\376\377\000M\000o\000v\000i\000m\000e\000n\000t\000o\000s\000\040\000n\000o\000\040\000s\000e\000n\000t\000i\000d\000o\000\040\000c\000o\000n\000t\000r\000\341\000r\000i\000o}{section.2}% 23
\BOOKMARK [2][-]{subsection.2.6}{\376\377\000O\000\040\000r\000e\000c\000o\000n\000h\000e\000c\000i\000m\000e\000n\000t\000o\000\040\000d\000a\000\040\000s\000u\000b\000t\000r\000a\000\347\000\343\000o}{section.2}% 24
\BOOKMARK [2][-]{subsection.2.7}{\376\377\000O\000s\000\040\000n\000\372\000m\000e\000r\000o\000s\000\040\000n\000e\000g\000a\000t\000i\000v\000o\000s\000\040\000f\000o\000r\000a\000m\000\040\000i\000n\000v\000e\000n\000t\000a\000d\000o\000s\000\040\000o\000u\000\040\000d\000e\000s\000c\000o\000b\000e\000r\000t\000o\000s\000?}{section.2}% 25
\BOOKMARK [2][-]{subsection.2.8}{\376\377\000O\000u\000t\000r\000a\000s\000\040\000e\000q\000u\000a\000\347\000\365\000e\000s\000\040\000i\000m\000p\000o\000s\000s\000\355\000v\000e\000i\000s}{section.2}% 26
\BOOKMARK [1][-]{section.3}{\376\377\000U\000m\000a\000\040\000q\000u\000a\000n\000t\000i\000d\000a\000d\000e\000\040\000q\000u\000e\000\040\000p\000o\000d\000e\000\040\000v\000a\000r\000i\000a\000r}{}% 27
\BOOKMARK [2][-]{subsection.3.1}{\376\377\000D\000e\000\040\000i\000n\000c\000\363\000g\000n\000i\000t\000a\000\040\000a\000\040\000v\000a\000r\000i\000\341\000v\000e\000l}{section.3}% 28
\BOOKMARK [2][-]{subsection.3.2}{\376\377\000O\000\040\000s\000u\000r\000g\000i\000m\000e\000n\000t\000o\000\040\000d\000a\000\040\000f\000u\000n\000\347\000\343\000o}{section.3}% 29
\BOOKMARK [2][-]{subsection.3.3}{\376\377\000U\000m\000a\000\040\000f\000u\000n\000\347\000\343\000o\000\040\000q\000u\000e\000\040\000j\000\341\000\040\000u\000t\000i\000l\000i\000z\000\341\000m\000o\000s}{section.3}% 30
\BOOKMARK [2][-]{subsection.3.4}{\376\377\000D\000i\000f\000e\000r\000e\000n\000\347\000a\000\040\000e\000n\000t\000r\000e\000\040\000i\000n\000c\000\363\000g\000n\000i\000t\000a\000\040\000e\000\040\000v\000a\000r\000i\000\341\000v\000e\000l}{section.3}% 31
\BOOKMARK [1][-]{section.4}{\376\377\000M\000o\000v\000i\000m\000e\000n\000t\000o\000s\000\040\000q\000u\000e\000\040\000c\000r\000e\000s\000c\000e\000m\000\040\000r\000e\000g\000u\000l\000a\000r\000m\000e\000n\000t\000e}{}% 32
\BOOKMARK [2][-]{subsection.4.1}{\376\377\000U\000m\000a\000\040\000r\000e\000g\000r\000a\000\040\000d\000e\000\040\000c\000r\000e\000s\000c\000i\000m\000e\000n\000t\000o}{section.4}% 33
\BOOKMARK [2][-]{subsection.4.2}{\376\377\000S\000o\000m\000a\000n\000d\000o\000\040\000o\000s\000\040\000m\000o\000v\000i\000m\000e\000n\000t\000o\000s}{section.4}% 34
\BOOKMARK [3][-]{subsubsection.4.2.1}{\376\377\000P\000o\000r\000\040\000q\000u\000e\000\040\000o\000s\000\040\000n\000\372\000m\000e\000r\000o\000s\000\040\000\355\000m\000p\000a\000r\000e\000s\000\040\000f\000o\000r\000m\000a\000m\000\040\000q\000u\000a\000d\000r\000a\000d\000o\000s\000?}{subsection.4.2}% 35
\BOOKMARK [2][-]{subsection.4.3}{\376\377\000A\000\040\000s\000o\000m\000a\000\040\000d\000o\000s\000\040\000p\000r\000i\000m\000e\000i\000r\000o\000s\000\040\000n\000\372\000m\000e\000r\000o\000s\000\040\000n\000a\000t\000u\000r\000a\000i\000s}{section.4}% 36
\BOOKMARK [2][-]{subsection.4.4}{\376\377\000D\000o\000\040\000c\000r\000e\000s\000c\000i\000m\000e\000n\000t\000o\000\040\000l\000i\000n\000e\000a\000r\000\040\000a\000o\000\040\000c\000r\000e\000s\000c\000i\000m\000e\000n\000t\000o\000\040\000q\000u\000a\000d\000r\000\341\000t\000i\000c\000o}{section.4}% 37
\BOOKMARK [1][-]{section.5}{\376\377\000Q\000u\000a\000n\000d\000o\000\040\000a\000\040\000v\000a\000r\000i\000a\000\347\000\343\000o\000\040\000t\000a\000m\000b\000\351\000m\000\040\000c\000o\000m\000e\000\347\000a\000\040\000a\000\040\000v\000a\000r\000i\000a\000r}{}% 38
\BOOKMARK [1][-]{section.6}{\376\377\000P\000o\000d\000e\000m\000o\000s\000\040\000s\000o\000m\000a\000r\000\040\000m\000o\000v\000i\000m\000e\000n\000t\000o\000s\000\040\000d\000e\000\040\000o\000r\000d\000e\000n\000s\000\040\000d\000i\000f\000e\000r\000e\000n\000t\000e\000s\000?}{}% 39
\BOOKMARK [2][-]{subsubsection.6.0.1}{\376\377\000O\000\040\000q\000u\000e\000\040\000a\000c\000o\000n\000t\000e\000c\000e\000\040\000s\000e\000\040\000m\000u\000l\000t\000i\000p\000l\000i\000c\000a\000r\000m\000o\000s\000\040\000c\000a\000d\000a\000\040\000p\000o\000t\000\352\000n\000c\000i\000a\000\040\000p\000o\000r\000\040\000u\000m\000\040\000n\000\372\000m\000e\000r\000o\000?}{section.6}% 40
\BOOKMARK [3][-]{subsubsection.6.0.2}{\376\377\000Q\000u\000a\000n\000d\000o\000\040\000o\000\040\000m\000o\000v\000i\000m\000e\000n\000t\000o\000\040\000t\000o\000t\000a\000l\000\040\000s\000e\000\040\000a\000n\000u\000l\000a\000?}{subsubsection.6.0.1}% 41
\BOOKMARK [3][-]{subsubsection.6.0.3}{\376\377\000R\000e\000c\000o\000n\000s\000t\000r\000u\000i\000n\000d\000o\000\040\000u\000m\000\040\000p\000o\000l\000i\000n\000\363\000m\000i\000o\000\040\000a\000\040\000p\000a\000r\000t\000i\000r\000\040\000d\000o\000s\000\040\000s\000e\000u\000s\000\040\000m\000o\000v\000i\000m\000e\000n\000t\000o\000s\000\040\000n\000u\000l\000o\000s}{subsubsection.6.0.1}% 42
\BOOKMARK [3][-]{subsubsection.6.0.4}{\376\377\000U\000m\000\040\000m\000o\000v\000i\000m\000e\000n\000t\000o\000\040\000n\000u\000l\000o\000\040\000i\000g\000u\000a\000l\000\040\000a\000\040\000z\000e\000r\000o}{subsubsection.6.0.1}% 43
\BOOKMARK [3][-]{subsubsection.6.0.5}{\376\377\000Q\000u\000a\000n\000t\000o\000s\000\040\000m\000o\000v\000i\000m\000e\000n\000t\000o\000s\000\040\000n\000u\000l\000o\000s\000\040\000p\000o\000d\000e\000\040\000h\000a\000v\000e\000r\000?}{subsubsection.6.0.1}% 44
\BOOKMARK [1][-]{section.7}{\376\377\000M\000o\000v\000i\000m\000e\000n\000t\000o\000s\000\040\000q\000u\000e\000\040\000c\000o\000i\000n\000c\000i\000d\000e\000m}{}% 45
\BOOKMARK [2][-]{subsection.7.1}{\376\377\000O\000s\000\040\000c\000o\000e\000f\000i\000c\000i\000e\000n\000t\000e\000s\000\040\000d\000a\000s\000\040\000p\000o\000t\000\352\000n\000c\000i\000a\000s\000\040\000r\000e\000p\000e\000t\000i\000d\000a\000s}{section.7}% 46
\BOOKMARK [2][-]{subsection.7.2}{\376\377\000D\000e\000\040\000q\000u\000a\000n\000t\000a\000s\000\040\000m\000a\000n\000e\000i\000r\000a\000s\000\040\000u\000m\000a\000\040\000p\000a\000r\000c\000e\000l\000a\000\040\000p\000o\000d\000e\000\040\000s\000u\000r\000g\000i\000r\000?}{section.7}% 47
\BOOKMARK [2][-]{subsection.7.3}{\376\377\000U\000m\000\040\000n\000o\000v\000o\000\040\000p\000r\000o\000b\000l\000e\000m\000a\000\040\000d\000e\000\040\000c\000o\000n\000t\000a\000g\000e\000m}{section.7}% 48
\BOOKMARK [2][-]{subsection.7.4}{\376\377\000C\000o\000n\000s\000t\000r\000u\000i\000n\000d\000o\000\040\000u\000m\000a\000\040\000c\000o\000n\000t\000a\000g\000e\000m\000\040\000a\000\040\000p\000a\000r\000t\000i\000r\000\040\000d\000e\000\040\000o\000u\000t\000r\000a}{section.7}% 49
\BOOKMARK [2][-]{subsection.7.5}{\376\377\000O\000\040\000t\000r\000i\000\342\000n\000g\000u\000l\000o\000\040\000d\000a\000s\000\040\000e\000s\000c\000o\000l\000h\000a\000s}{section.7}% 50
\BOOKMARK [2][-]{subsection.7.6}{\376\377\000U\000m\000a\000\040\000n\000o\000t\000a\000\347\000\343\000o\000\040\000p\000a\000r\000a\000\040\000c\000o\000n\000t\000a\000r\000\040\000e\000s\000c\000o\000l\000h\000a\000s}{section.7}% 51
\BOOKMARK [2][-]{subsection.7.7}{\376\377\000U\000m\000a\000\040\000f\000\363\000r\000m\000u\000l\000a\000\040\000d\000i\000r\000e\000t\000a\000\040\000p\000a\000r\000a\000\040\000a\000s\000\040\000e\000s\000c\000o\000l\000h\000a\000s}{section.7}% 52
\BOOKMARK [2][-]{subsection.7.8}{\376\377\000U\000m\000a\000\040\000n\000o\000v\000a\000\040\000o\000p\000e\000r\000a\000\347\000\343\000o\000\040\000d\000e\000\040\000c\000o\000m\000p\000r\000e\000s\000s\000\343\000o}{section.7}% 53
\BOOKMARK [1][-]{section.8}{\376\377\000O\000\040\000b\000i\000n\000\363\000m\000i\000o\000\040\000d\000e\000\040\000N\000e\000w\000t\000o\000n}{}% 54
\BOOKMARK [2][-]{subsection.8.1}{\376\377\000P\000o\000r\000\040\000q\000u\000e\000\040\000a\000\040\000e\000x\000p\000a\000n\000s\000\343\000o\000\040\000t\000e\000r\000m\000i\000n\000a\000?}{section.8}% 55
\BOOKMARK [2][-]{subsection.8.2}{\376\377\000O\000\040\000e\000x\000p\000o\000e\000n\000t\000e\000\040\000p\000r\000e\000c\000i\000s\000a\000\040\000s\000e\000r\000\040\000u\000m\000\040\000n\000\372\000m\000e\000r\000o\000\040\000n\000a\000t\000u\000r\000a\000l\000?}{section.8}% 56
\BOOKMARK [1][-]{section.9}{\376\377\000A\000n\000a\000l\000i\000s\000a\000n\000d\000o\000\040\000c\000o\000e\000f\000i\000c\000i\000e\000n\000t\000e\000s}{}% 57
\BOOKMARK [1][-]{section.10}{\376\377\000P\000r\000i\000m\000e\000i\000r\000a\000s\000\040\000S\000\351\000r\000i\000e\000s\000\040\000P\000r\000o\000d\000u\000z\000i\000d\000a\000s}{}% 58
\BOOKMARK [1][-]{section.11}{\376\377\000S\000o\000m\000a\000s\000\040\000i\000n\000f\000i\000n\000i\000t\000a\000s\000\040\000c\000o\000n\000v\000e\000r\000g\000e\000n\000t\000e\000s}{}% 59
\BOOKMARK [2][-]{subsection.11.1}{\376\377\000A\000p\000r\000o\000x\000i\000m\000a\000\347\000\365\000e\000s\000\040\000f\000i\000n\000i\000t\000a\000s\000\040\000d\000e\000\040\000u\000m\000a\000\040\000s\000o\000m\000a\000\040\000i\000n\000f\000i\000n\000i\000t\000a}{section.11}% 60
\BOOKMARK [2][-]{subsection.11.2}{\376\377\000P\000o\000d\000e\000m\000o\000s\000\040\000t\000o\000r\000n\000a\000r\000\040\000o\000\040\000e\000r\000r\000o\000\040\000t\000\343\000o\000\040\000p\000e\000q\000u\000e\000n\000o\000\040\000q\000u\000a\000n\000t\000o\000\040\000d\000e\000s\000e\000j\000a\000r\000m\000o\000s\000?}{section.11}% 61
\BOOKMARK [2][-]{subsection.11.3}{\376\377\000Q\000u\000a\000n\000d\000o\000\040\000a\000\040\000a\000p\000r\000o\000x\000i\000m\000a\000\347\000\343\000o\000\040\000n\000\343\000o\000\040\000f\000u\000n\000c\000i\000o\000n\000a}{section.11}% 62
\BOOKMARK [1][-]{section.12}{\376\377\000M\000o\000v\000i\000m\000e\000n\000t\000o\000s\000\040\000c\000a\000d\000a\000\040\000v\000e\000z\000\040\000m\000e\000n\000o\000r\000e\000s}{}% 63
\BOOKMARK [2][-]{subsection.12.1}{\376\377\000U\000m\000\040\000p\000e\000q\000u\000e\000n\000o\000\040\000m\000o\000v\000i\000m\000e\000n\000t\000o\000\040\000n\000u\000m\000a\000\040\000p\000o\000t\000\352\000n\000c\000i\000a}{section.12}% 64
\BOOKMARK [2][-]{subsection.12.2}{\376\377\000A\000\040\000p\000a\000r\000t\000e\000\040\000p\000r\000i\000n\000c\000i\000p\000a\000l\000\040\000d\000a\000\040\000v\000a\000r\000i\000a\000\347\000\343\000o}{section.12}% 65
\BOOKMARK [2][-]{subsection.12.3}{\376\377\000U\000m\000a\000\040\000n\000o\000t\000a\000\347\000\343\000o\000\040\000p\000a\000r\000a\000\040\000p\000e\000q\000u\000e\000n\000o\000s\000\040\000m\000o\000v\000i\000m\000e\000n\000t\000o\000s}{section.12}% 66
\BOOKMARK [1][-]{section.13}{\376\377\000R\000e\000c\000o\000n\000s\000t\000r\000u\000i\000n\000d\000o\000\040\000u\000m\000a\000\040\000q\000u\000a\000n\000t\000i\000d\000a\000d\000e\000\040\000p\000e\000l\000a\000\040\000s\000u\000a\000\040\000v\000a\000r\000i\000a\000\347\000\343\000o}{}% 67
\BOOKMARK [2][-]{subsection.13.1}{\376\377\000A\000c\000u\000m\000u\000l\000a\000n\000d\000o\000\040\000u\000m\000\040\000p\000o\000l\000i\000n\000\363\000m\000i\000o}{section.13}% 68
\BOOKMARK [1][-]{section.14}{\376\377\000A\000c\000u\000m\000u\000l\000a\000n\000d\000o\000\040\000u\000m\000a\000\040\000s\000\351\000r\000i\000e\000\040\000i\000n\000f\000i\000n\000i\000t\000a}{}% 69
\BOOKMARK [1][-]{section.15}{\376\377\000U\000m\000a\000\040\000f\000u\000n\000\347\000\343\000o\000\040\000q\000u\000e\000\040\000t\000r\000a\000n\000s\000f\000o\000r\000m\000a\000\040\000m\000u\000l\000t\000i\000p\000l\000i\000c\000a\000\347\000\365\000e\000s\000\040\000e\000m\000\040\000s\000o\000m\000a\000s}{}% 70
\BOOKMARK [1][-]{section.16}{\376\377\000U\000m\000a\000\040\000f\000u\000n\000\347\000\343\000o\000\040\000c\000u\000j\000o\000\040\000c\000r\000e\000s\000c\000i\000m\000e\000n\000t\000o\000\040\000r\000e\000p\000r\000o\000d\000u\000z\000\040\000a\000\040\000p\000r\000\363\000p\000r\000i\000a\000\040\000f\000u\000n\000\347\000\343\000o}{}% 71
\BOOKMARK [2][-]{subsection.16.1}{\376\377\000O\000\040\000s\000u\000r\000g\000i\000m\000e\000n\000t\000o\000\040\000d\000o\000\040\000n\000\372\000m\000e\000r\000o\000\040\000e}{section.16}% 72
\BOOKMARK [1][-]{section.17}{\376\377\000O\000\040\000b\000i\000n\000\363\000m\000i\000o\000\040\000e\000n\000c\000o\000n\000t\000r\000a\000\040\000n\000o\000v\000a\000m\000e\000n\000t\000e\000\040\000a\000\040\000f\000u\000n\000\347\000\343\000o\000\040\000e\000x\000p\000o\000n\000e\000n\000c\000i\000a\000l}{}% 73
\BOOKMARK [1][-]{section.18}{\376\377\000O\000\040\000q\000u\000e\000\040\000a\000i\000n\000d\000a\000\040\000p\000r\000e\000c\000i\000s\000a\000m\000o\000s\000\040\000j\000u\000s\000t\000i\000f\000i\000c\000a\000r\000?}{}% 74
